// Jest Snapshot v1, https://goo.gl/fbAQLP

exports[`Home page matches snapshot 1`] = `
<DocumentFragment>
  .c0.c0 {
  display: -webkit-box;
  display: -webkit-flex;
  display: -ms-flexbox;
  display: flex;
  -webkit-box-pack: center;
  -webkit-justify-content: center;
  -ms-flex-pack: center;
  justify-content: center;
  padding-bottom: 56px;
}

.c1.c1 {
  -webkit-flex: 1;
  -ms-flex: 1;
  flex: 1;
}

.c1.c1 undefined {
  width: 750px;
  margin-top: 128px;
  margin-right: 120px;
  margin-left: 120px;
}

.c2.c2 {
  margin-bottom: 56px;
}

.c4.c4 {
  color: text;
  font-size: 1px;
}

.c5.c5 {
  display: -webkit-box;
  display: -webkit-flex;
  display: -ms-flexbox;
  display: flex;
  -webkit-flex-direction: column;
  -ms-flex-direction: column;
  flex-direction: column;
  gap: 56px;
}

.c6.c6 {
  display: -webkit-box;
  display: -webkit-flex;
  display: -ms-flexbox;
  display: flex;
  -webkit-flex-direction: column;
  -ms-flex-direction: column;
  flex-direction: column;
  -webkit-flex: 1;
  -ms-flex: 1;
  flex: 1;
  margin-bottom: 5px;
}

.c7.c7 {
  color: text;
  font-size: 1px;
  margin-bottom: 3px;
}

.c9.c9 {
  display: -webkit-box;
  display: -webkit-flex;
  display: -ms-flexbox;
  display: flex;
  gap: 5px;
}

.c9.c9 undefined {
  -webkit-flex-direction: row;
  -ms-flex-direction: row;
  flex-direction: row;
}

.c10.c10 {
  display: -webkit-box;
  display: -webkit-flex;
  display: -ms-flexbox;
  display: flex;
  -webkit-flex-direction: row;
  -ms-flex-direction: row;
  flex-direction: row;
  -webkit-flex: 1;
  -ms-flex: 1;
  flex: 1;
}

.c11.c11 {
  padding: 40px;
}

.c12.c12 {
  margin-bottom: 40px;
  color: title;
  font-size: title;
  line-height: title;
}

.c13.c13 {
  display: -webkit-box;
  display: -webkit-flex;
  display: -ms-flexbox;
  display: flex;
}

.c13.c13 undefined {
  -webkit-flex-direction: row;
  -ms-flex-direction: row;
  flex-direction: row;
  gap: 40px;
}

.c14.c14 {
  display: -webkit-box;
  display: -webkit-flex;
  display: -ms-flexbox;
  display: flex;
}

.c14.c14 undefined {
  -webkit-align-self: right;
  -ms-flex-item-align: right;
  align-self: right;
}

.c18.c18 {
  width: 140px;
  height: 140px;
  position: absolute;
  display: -webkit-box;
  display: -webkit-flex;
  display: -ms-flexbox;
  display: flex;
  -webkit-box-pack: center;
  -webkit-justify-content: center;
  -ms-flex-pack: center;
  justify-content: center;
  -webkit-align-items: center;
  -webkit-box-align: center;
  -ms-flex-align: center;
  align-items: center;
}

.c19.c19 {
  display: -webkit-box;
  display: -webkit-flex;
  display: -ms-flexbox;
  display: flex;
  -webkit-flex-direction: row;
  -ms-flex-direction: row;
  flex-direction: row;
  -webkit-align-items: center;
  -webkit-box-align: center;
  -ms-flex-align: center;
  align-items: center;
}

.c20.c20 {
  color: heading;
  font-size: title;
  line-height: 24px;
}

.c21.c21 {
  display: -webkit-box;
  display: -webkit-flex;
  display: -ms-flexbox;
  display: flex;
  -webkit-flex-direction: row;
  -ms-flex-direction: row;
  flex-direction: row;
  gap: 32px;
}

.c22.c22 {
  display: -webkit-box;
  display: -webkit-flex;
  display: -ms-flexbox;
  display: flex;
  -webkit-flex-direction: row;
  -ms-flex-direction: row;
  flex-direction: row;
}

.c3.c3 {
  color: heading;
  font-size: heading;
  line-height: heading;
}

.c8.c8 {
  -webkit-transition: border-color .15s ease-in-out,box-shadow .15s ease-in-out;
  transition: border-color .15s ease-in-out,box-shadow .15s ease-in-out;
  width: 100%;
  min-width: 0px;
  -webkit-flex: 1;
  -ms-flex: 1;
  flex: 1;
  padding-right: 5px;
  padding-left: 5px;
  padding-top: 4px;
  padding-bottom: 4px;
  font-size: input;
  outline: none;
  color: input;
  background-color: inputBackground;
}

.c8.c8:focus {
  --x-shadow: inputFocus;
  box-shadow: var(--x-ring-shadow,0 0 #0000),var(--x-shadow);
}

.c16.c16 {
  stroke: donutSecondary;
  opacity: 0.125;
}

.c17.c17 {
  stroke: donutPrimary;
  -webkit-transform: rotate(-90 16 16);
  -ms-transform: rotate(-90 16 16);
  transform: rotate(-90 16 16);
}

.c15.c15 {
  -webkit-transform: rotate(-90deg);
  -ms-transform: rotate(-90deg);
  transform: rotate(-90deg);
  fill: none;
}

<div
    class="c0"
  >
    <div
      class="c1"
    >
      <div
        class="c2"
      >
        <h1
          class="c3"
        >
          Next Ticker
        </h1>
        <div
          class="c4"
        >
          some text about this app
        </div>
      </div>
      <div
        class="c5"
      >
        <div
          class=""
        >
          <div
            class="c6"
          >
            <div
              class="c7"
            >
              Symbol
            </div>
            <input
              class="c8"
            />
          </div>
          <div
            class="c9"
          >
            <div
              class="c10"
            >
              <div
                class="c7"
              >
                From Date
              </div>
              <input
                class="c8"
              />
            </div>
            <div
              class="c10"
            >
              <div
                class="c7"
              >
                To Date
              </div>
              <input
                class="c8"
              />
            </div>
          </div>
        </div>
        <div
          class="c11"
        >
          <div
            class="c12"
          >
            Information
          </div>
          <div
            class="c13"
          >
            <div
              class="c14"
            >
              <svg
                class="c15"
                height="140"
                role="img"
                stroke-width="2"
                viewBox="0 0 32 32"
                width="140"
              >
                <circle
                  class="c16"
                  cx="16"
                  cy="16"
                  r="14"
                />
                <circle
                  class="c17"
                  cx="16"
                  cy="16"
                  r="14"
                  stroke-dasharray="87.96459430051421"
                  stroke-dashoffset="35.18583772020568"
                />
              </svg>
              <div
                class="c18"
              >
                <div
                  class="c19"
                >
                  <div
                    class="c20"
                  >
                    +60%
                  </div>
                  <div
                    class="c4"
                  >
                    Growth
                  </div>
                </div>
              </div>
            </div>
            <div
              class="c21"
            >
              <div
                class="c22"
              >
                <div
                  class="c20"
                >
                  800000$
                </div>
                <div
                  class="c4"
                >
                  Total investments
                </div>
              </div>
              <div
                class="c22"
              >
                <div
                  class="c20"
                >
                  5000$
                </div>
                <div
                  class="c4"
                >
                  Simple return
                </div>
              </div>
            </div>
            <div
              class="c21"
            >
              <div
                class="c22"
              >
                <div
                  class="c20"
                >
                  -80%
                </div>
                <div
                  class="c4"
                >
                  Maximum drawdown
                </div>
              </div>
            </div>
          </div>
        </div>
        <div
          class="c11"
        >
          <div
            class="c12"
          >
            History
          </div>
        </div>
      </div>
    </div>
  </div>
</DocumentFragment>
`;
