// Jest Snapshot v1, https://goo.gl/fbAQLP

exports[`Home page matches snapshot 1`] = `
<DocumentFragment>
  .c0.c0 {
  display: -webkit-box;
  display: -webkit-flex;
  display: -ms-flexbox;
  display: flex;
}

.c0.c0 undefined {
  -webkit-box-pack: center;
  -webkit-justify-content: center;
  -ms-flex-pack: center;
  justify-content: center;
}

.c1.c1 {
  margin-top: 128px;
  margin-right: 120px;
  margin-left: 120px;
}

.c1.c1 undefined {
  width: 750px;
}

.c2.c2 {
  color: heading;
  font-size: heading;
  line-height: heading;
}

.c3.c3 {
  color: text;
  font-size: 1px;
}

<div
    class="c0"
  >
    <div
      class="c1"
    >
      <div
        class="c2"
      >
        Hello World
      </div>
      <div
        class="c3"
      >
        …
      </div>
    </div>
  </div>
</DocumentFragment>
`;
