// Jest Snapshot v1, https://goo.gl/fbAQLP

exports[`Home page matches snapshot 1`] = `
<DocumentFragment>
  .c0.c0 {
  display: -webkit-box;
  display: -webkit-flex;
  display: -ms-flexbox;
  display: flex;
  -webkit-box-pack: center;
  -webkit-justify-content: center;
  -ms-flex-pack: center;
  justify-content: center;
  padding-bottom: 56px;
}

.c1.c1 {
  -webkit-flex: 1;
  -ms-flex: 1;
  flex: 1;
}

.c1.c1 undefined {
  width: 750px;
  margin-top: 128px;
  margin-right: 120px;
  margin-left: 120px;
}

.c2.c2 {
  margin-bottom: 56px;
}

.c4.c4 {
  color: text;
  font-size: 1px;
}

.c6.c6 {
  display: -webkit-box;
  display: -webkit-flex;
  display: -ms-flexbox;
  display: flex;
  gap: 5px;
  margin-bottom: 5px;
}

.c6.c6 undefined {
  -webkit-flex-direction: row;
  -ms-flex-direction: row;
  flex-direction: row;
}

.c7.c7 {
  -webkit-flex: 1;
  -ms-flex: 1;
  flex: 1;
}

.c8.c8 {
  display: -webkit-box;
  display: -webkit-flex;
  display: -ms-flexbox;
  display: flex;
  -webkit-flex-direction: row;
  -ms-flex-direction: row;
  flex-direction: row;
  -webkit-flex: 1;
  -ms-flex: 1;
  flex: 1;
}

.c9.c9 {
  color: text;
  font-size: 1px;
  margin-bottom: 3px;
}

.c11.c11 {
  display: -webkit-box;
  display: -webkit-flex;
  display: -ms-flexbox;
  display: flex;
  gap: 5px;
}

.c11.c11 undefined {
  -webkit-flex-direction: row;
  -ms-flex-direction: row;
  flex-direction: row;
}

.c5.c5 {
  display: -webkit-box;
  display: -webkit-flex;
  display: -ms-flexbox;
  display: flex;
  -webkit-flex-direction: row;
  -ms-flex-direction: row;
  flex-direction: row;
  gap: 56px;
}

.c3.c3 {
  color: heading;
  font-size: heading;
  line-height: heading;
}

.c10.c10 {
  -webkit-transition: border-color .15s ease-in-out,box-shadow .15s ease-in-out;
  transition: border-color .15s ease-in-out,box-shadow .15s ease-in-out;
  width: 100%;
  min-width: 0px;
  -webkit-flex: 1;
  -ms-flex: 1;
  flex: 1;
  padding-right: 5px;
  padding-left: 5px;
  padding-top: 4px;
  padding-bottom: 4px;
  font-size: input;
  outline: none;
  color: input;
  background-color: inputBackground;
}

.c10.c10:focus {
  --x-shadow: inputFocus;
  box-shadow: var(--x-ring-shadow,0 0 #0000),var(--x-shadow);
}

<div
    class="c0"
  >
    <div
      class="c1"
    >
      <div
        class="c2"
      >
        <h1
          class="c3"
        >
          Next Ticker
        </h1>
        <div
          class="c4"
        >
          some text about this app
        </div>
      </div>
      <div
        class="c5"
      >
        <div
          class=""
        >
          <div
            class="c6"
          >
            <div
              aria-expanded="false"
              aria-haspopup="listbox"
              aria-owns="downshift-0-menu"
              class="c7"
              role="combobox"
              width="100%"
            >
              <div
                class="c8"
              >
                <div
                  class="c9"
                >
                  Symbol
                </div>
                <input
                  aria-autocomplete="list"
                  aria-controls="downshift-0-menu"
                  aria-labelledby="downshift-0-label"
                  autocomplete="off"
                  class="c10"
                  id="downshift-0-input"
                  value="AAPL"
                />
              </div>
            </div>
            <div
              class="c8"
            >
              <div
                class="c9"
              >
                Initial investment
              </div>
              <input
                class="c10"
                value="80000"
              />
            </div>
          </div>
          <div
            class="c11"
          >
            <div
              class="c8"
            >
              <div
                class="c9"
              >
                From date
              </div>
              <input
                class="c10"
                value="2020-01-01"
              />
            </div>
            <div
              class="c8"
            >
              <div
                class="c9"
              >
                To date
              </div>
              <input
                class="c10"
                value="2021-01-01"
              />
            </div>
          </div>
        </div>
      </div>
    </div>
  </div>
</DocumentFragment>
`;
